******************************************************************************
                  TI ARM Linker PC v18.1.3                     
******************************************************************************
>> Linked Thu Jan 21 17:00:17 2021

OUTPUT FILE NAME:   <ble5_simple_peripheral_cc2640r2lp_app.out>
ENTRY POINT SYMBOL: "ResetISR"  address: 00014649


MEMORY CONFIGURATION

         name            origin    length      used     unused   attr    fill
----------------------  --------  ---------  --------  --------  ----  --------
  FLASH                 00000000   0001f000  0001c4a0  00002b60  R  X
  FLASH_LAST_PAGE       0001f000   00001000  00000058  00000fa8  R  X
  SRAM                  20000000   00004400  00001f12  000024ee  RW X


SEGMENT ALLOCATION MAP

run origin  load origin   length   init length attrs members
----------  ----------- ---------- ----------- ----- -------
00000000    00000000    0001b4a4   0001b4a4    r-x
  00000000    00000000    0000003c   0000003c    r-- .resetVecs
  0000003c    0000003c    00000fc4   00000fc4    r-x .text.1
  00001000    00001000    00000028   00000028    r-- .const:ti_sysbios_heaps_HeapMem_Module__FXNS__C
  00001028    00001028    00000024   00000024    r-- .const:ti_sysbios_gates_GateHwi_Module__FXNS__C
  0000104c    0000104c    00000024   00000024    r-- .const:ti_sysbios_gates_GateMutex_Module__FXNS__C
  00001070    00001070    00000020   00000020    r-- .const:ti_sysbios_family_arm_m3_Hwi_Object__DESC__C
  00001090    00001090    00000020   00000020    r-- .const:ti_sysbios_gates_GateHwi_Object__DESC__C
  000010b0    000010b0    00000020   00000020    r-- .const:ti_sysbios_gates_GateMutex_Object__DESC__C
  000010d0    000010d0    00000020   00000020    r-- .const:ti_sysbios_hal_Hwi_Object__DESC__C
  000010f0    000010f0    00000020   00000020    r-- .const:ti_sysbios_heaps_HeapMem_Object__DESC__C
  00001110    00001110    00000020   00000020    r-- .const:ti_sysbios_knl_Clock_Object__DESC__C
  00001130    00001130    00000020   00000020    r-- .const:ti_sysbios_knl_Event_Object__DESC__C
  00001150    00001150    00000020   00000020    r-- .const:ti_sysbios_knl_Mailbox_Object__DESC__C
  00001170    00001170    00000020   00000020    r-- .const:ti_sysbios_knl_Queue_Object__DESC__C
  00001190    00001190    00000020   00000020    r-- .const:ti_sysbios_knl_Semaphore_Object__DESC__C
  000011b0    000011b0    00000020   00000020    r-- .const:ti_sysbios_knl_Swi_Object__DESC__C
  000011d0    000011d0    00000020   00000020    r-- .const:ti_sysbios_knl_Task_Object__DESC__C
  000011f0    000011f0    00000008   00000008    r-- .const:ti_sysbios_knl_Idle_funcList__C
  000011f8    000011f8    00000004   00000004    r-- .const:ti_sysbios_family_arm_cc26xx_Timer_startupNeeded__C
  000011fc    000011fc    00000004   00000004    r-- .const:ti_sysbios_family_arm_m3_Hwi_E_alreadyDefined__C
  00001200    00001200    00000004   00000004    r-- .const:ti_sysbios_family_arm_m3_Hwi_E_hwiLimitExceeded__C
  00001204    00001204    00000004   00000004    r-- .const:ti_sysbios_family_arm_m3_Hwi_NUM_INTERRUPTS__C
  00001208    00001208    00000004   00000004    r-- .const:ti_sysbios_family_arm_m3_Hwi_Object__count__C
  0000120c    0000120c    00000004   00000004    r-- .const:ti_sysbios_family_arm_m3_Hwi_Object__table__C
  00001210    00001210    00000004   00000004    r-- .const:ti_sysbios_family_arm_m3_Hwi_ccr__C
  00001214    00001214    00000004   00000004    r-- .const:ti_sysbios_family_arm_m3_Hwi_excHandlerFunc__C
  00001218    00001218    00000004   00000004    r-- .const:ti_sysbios_family_arm_m3_Hwi_nullIsrFunc__C
  0000121c    0000121c    00000004   00000004    r-- .const:ti_sysbios_family_arm_m3_Hwi_numSparseInterrupts__C
  00001220    00001220    00000004   00000004    r-- .const:ti_sysbios_family_arm_m3_Hwi_priGroup__C
  00001224    00001224    00000004   00000004    r-- .const:ti_sysbios_family_arm_m3_TaskSupport_stackAlignment__C
  00001228    00001228    00000004   00000004    r-- .const:ti_sysbios_heaps_HeapMem_E_memory__C
  0000122c    0000122c    00000004   00000004    r-- .const:ti_sysbios_heaps_HeapMem_Module__gateObj__C
  00001230    00001230    00000004   00000004    r-- .const:ti_sysbios_heaps_HeapMem_Object__count__C
  00001234    00001234    00000004   00000004    r-- .const:ti_sysbios_heaps_HeapMem_Object__table__C
  00001238    00001238    00000004   00000004    r-- .const:ti_sysbios_heaps_HeapMem_reqAlign__C
  0000123c    0000123c    00000004   00000004    r-- .const:ti_sysbios_knl_Clock_triggerClock__C
  00001240    00001240    00000004   00000004    r-- .const:ti_sysbios_knl_Mailbox_Object__count__C
  00001244    00001244    00000004   00000004    r-- .const:ti_sysbios_knl_Mailbox_Object__table__C
  00001248    00001248    00000004   00000004    r-- .const:ti_sysbios_knl_Mailbox_maxTypeAlign__C
  0000124c    0000124c    00000004   00000004    r-- .const:ti_sysbios_knl_Queue_Object__count__C
  00001250    00001250    00000004   00000004    r-- .const:ti_sysbios_knl_Queue_Object__table__C
  00001254    00001254    00000004   00000004    r-- .const:ti_sysbios_knl_Semaphore_eventPost__C
  00001258    00001258    00000004   00000004    r-- .const:ti_sysbios_knl_Semaphore_eventSync__C
  0000125c    0000125c    00000004   00000004    r-- .const:ti_sysbios_knl_Swi_Object__count__C
  00001260    00001260    00000004   00000004    r-- .const:ti_sysbios_knl_Swi_Object__table__C
  00001264    00001264    00000004   00000004    r-- .const:ti_sysbios_knl_Swi_numPriorities__C
  00001268    00001268    00000004   00000004    r-- .const:ti_sysbios_knl_Task_Object__count__C
  0000126c    0000126c    00000004   00000004    r-- .const:ti_sysbios_knl_Task_Object__table__C
  00001270    00001270    00000004   00000004    r-- .const:ti_sysbios_knl_Task_allBlockedFunc__C
  00001274    00001274    00000004   00000004    r-- .const:ti_sysbios_knl_Task_defaultStackHeap__C
  00001278    00001278    00000004   00000004    r-- .const:ti_sysbios_knl_Task_defaultStackSize__C
  0000127c    0000127c    00000004   00000004    r-- .const:ti_sysbios_knl_Task_numConstructedTasks__C
  00001280    00001280    00000002   00000002    r-- .const:ti_sysbios_family_arm_cc26xx_Timer_Module__id__C
  00001282    00001282    00000002   00000002    r-- .const:ti_sysbios_family_arm_cc26xx_TimestampProvider_useClockTimer__C
  00001284    00001284    00000002   00000002    r-- .const:ti_sysbios_family_arm_m3_Hwi_Module__id__C
  00001286    00001286    00000002   00000002    r-- .const:ti_sysbios_gates_GateHwi_Module__id__C
  00001288    00001288    00000002   00000002    r-- .const:ti_sysbios_gates_GateMutex_Module__id__C
  0000128a    0000128a    00000002   00000002    r-- .const:ti_sysbios_heaps_HeapMem_Module__id__C
  0000128c    0000128c    00000002   00000002    r-- .const:ti_sysbios_knl_Task_initStackFlag__C
  0000128e    0000128e    00000001   00000001    r-- .const:ti_sysbios_knl_Clock_tickMode__C
  00001290    00001290    00000008   00000008    r-- .const:xdc_runtime_Startup_firstFxns__C
  00001298    00001298    00000008   00000008    r-- .const:xdc_runtime_Startup_lastFxns__C
  000012a0    000012a0    00000004   00000004    r-- .const:xdc_runtime_Assert_E_assertFailed__C
  000012a4    000012a4    00000004   00000004    r-- .const:xdc_runtime_Error_E_memory__C
  000012a8    000012a8    00000004   00000004    r-- .const:xdc_runtime_Error_policyFxn__C
  000012ac    000012ac    00000004   00000004    r-- .const:xdc_runtime_Error_raiseHook__C
  000012b0    000012b0    00000004   00000004    r-- .const:xdc_runtime_IGateProvider_Interface__BASE__C
  000012b4    000012b4    00000004   00000004    r-- .const:xdc_runtime_IHeap_Interface__BASE__C
  000012b8    000012b8    00000004   00000004    r-- .const:xdc_runtime_IModule_Interface__BASE__C
  000012bc    000012bc    00000004   00000004    r-- .const:xdc_runtime_Memory_defaultHeapInstance__C
  000012c0    000012c0    00000004   00000004    r-- .const:xdc_runtime_Startup_execImpl__C
  000012c4    000012c4    00000004   00000004    r-- .const:xdc_runtime_Startup_maxPasses__C
  000012c8    000012c8    00000004   00000004    r-- .const:xdc_runtime_Startup_sfxnRts__C
  000012cc    000012cc    00000004   00000004    r-- .const:xdc_runtime_Startup_sfxnTab__C
  000012d0    000012d0    00000004   00000004    r-- .const:xdc_runtime_Startup_startModsFxn__C
  000012d4    000012d4    00000004   00000004    r-- .const:xdc_runtime_SysCallback_abortFxn__C
  000012d8    000012d8    00000004   00000004    r-- .const:xdc_runtime_SysCallback_exitFxn__C
  000012dc    000012dc    00000004   00000004    r-- .const:xdc_runtime_System_abortFxn__C
  000012e0    000012e0    00000004   00000004    r-- .const:xdc_runtime_System_exitFxn__C
  000012e4    000012e4    00000004   00000004    r-- .const:xdc_runtime_System_maxAtexitHandlers__C
  000012e8    000012e8    00000004   00000004    r-- .const:xdc_runtime_Text_charTab__C
  000012ec    000012ec    00000004   00000004    r-- .const:xdc_runtime_Text_nameEmpty__C
  000012f0    000012f0    00000004   00000004    r-- .const:xdc_runtime_Text_nameStatic__C
  000012f4    000012f4    00000004   00000004    r-- .const:xdc_runtime_Text_nameUnknown__C
  000012f8    000012f8    00000002   00000002    r-- .const:xdc_runtime_Error_maxDepth__C
  000012fa    000012fa    00000002   00000002    r-- .const:xdc_runtime_Memory_Module__id__C
  000012fc    000012fc    00000002   00000002    r-- .const:xdc_runtime_Text_charCnt__C
  000012fe    000012fe    00000002   00000002    r-- .const:xdc_runtime_Text_isLoaded__C
  00001300    00001300    00000001   00000001    r-- .const:xdc_runtime_Error_policy__C
  00001304    00001304    00000004   00000004    r-- .const:ti_sysbios_rom_ROM_ti_sysbios_family_arm_cc26xx_Timer_getCount64__E
  00001308    00001308    00000004   00000004    r-- .const:ti_sysbios_rom_ROM_ti_sysbios_family_arm_cc26xx_Timer_getCurrentTick__E
  0000130c    0000130c    00000004   00000004    r-- .const:ti_sysbios_rom_ROM_ti_sysbios_family_arm_cc26xx_Timer_getMaxTicks__E
  00001310    00001310    00000004   00000004    r-- .const:ti_sysbios_rom_ROM_ti_sysbios_family_arm_cc26xx_Timer_initDevice__I
  00001314    00001314    00000004   00000004    r-- .const:ti_sysbios_rom_ROM_ti_sysbios_family_arm_cc26xx_Timer_setNextTick__E
  00001318    00001318    00000004   00000004    r-- .const:ti_sysbios_rom_ROM_ti_sysbios_family_arm_cc26xx_Timer_setThreshold__I
  0000131c    0000131c    00000004   00000004    r-- .const:ti_sysbios_rom_ROM_ti_sysbios_family_arm_cc26xx_Timer_start__E
  00001320    00001320    00000004   00000004    r-- .const:ti_sysbios_rom_ROM_ti_sysbios_family_arm_cc26xx_TimestampProvider_get32__E
  00001324    00001324    00000004   00000004    r-- .const:ti_sysbios_rom_ROM_xdc_runtime_Startup_getState__I
  00001328    00001328    00000004   00000004    r-- .const:ti_sysbios_rom_ROM_xdc_runtime_System_SupportProxy_abort__E
  0000132c    0000132c    00000004   00000004    r-- .const:ti_sysbios_rom_ROM_xdc_runtime_System_SupportProxy_exit__E
  00001330    00001330    00017680   00017680    r-x .text.2
  000189b0    000189b0    00000ea0   00000ea0    r-- .const
  00019850    00019850    00000ea8   00000ea8    r-- .rodata
  0001a6f8    0001a6f8    00000dac   00000dac    r-- .cinit
0001d000    0001d000    00001000   00001000    r--
  0001d000    0001d000    00001000   00001000    r-- .TI.bound:NV_FLASH
0001ffa8    0001ffa8    00000058   00000058    r--
  0001ffa8    0001ffa8    00000058   00000058    r-- .ccfg
20000100    20000100    00001a4c   00000000    rw-
  20000100    20000100    00000044   00000000    rw- .data:ti_sysbios_knl_Task_Module__state__V
  20000144    20000144    00000034   00000000    rw- .data:ti_sysbios_family_arm_m3_Hwi_Module__state__V
  20000178    20000178    0000002c   00000000    rw- .data:ti_sysbios_knl_Clock_Module__state__V
  200001a4    200001a4    00000024   00000000    rw- .data:ti_sysbios_BIOS_Module__state__V
  200001c8    200001c8    0000001c   00000000    rw- .data:ti_sysbios_knl_Swi_Module__state__V
  200001e4    200001e4    00000008   00000000    rw- .data:ti_sysbios_family_arm_cc26xx_Timer_Module__state__V
  200001ec    200001ec    00000004   00000000    rw- .data:ti_sysbios_family_arm_cc26xx_TimestampProvider_Module__state__V
  200001f0    200001f0    00000008   00000000    rw- .data:xdc_runtime_Startup_Module__state__V
  200001f8    200001f8    00000008   00000000    rw- .data:xdc_runtime_System_Module__state__V
  20000200    20000200    00000004   00000000    rw- .data:xdc_runtime_Memory_Module__state__V
  20000204    20000204    00000002   00000000    rw- .data:xdc_runtime_Error_Module__state__V
  20000208    20000208    00000c5b   00000000    rw- .data
  20000e68    20000e68    00000ce4   00000000    rw- .bss
20004000    20004000    00000400   00000000    rw-
  20004000    20004000    00000400   00000000    rw- .stack


SECTION ALLOCATION MAP

 output                                  attributes/
section   page    origin      length       input sections
--------  ----  ----------  ----------   ----------------
.const:ti_sysbios_heaps_HeapMem_Module__FXNS__C 
*          0    00001000    00000028     
                  00001000    00000028     app_ble_pem3.oem3 (.const:ti_sysbios_heaps_HeapMem_Module__FXNS__C)

.const:ti_sysbios_gates_GateHwi_Module__FXNS__C 
*          0    00001028    00000024     
                  00001028    00000024     app_ble_pem3.oem3 (.const:ti_sysbios_gates_GateHwi_Module__FXNS__C)

.const:ti_sysbios_gates_GateMutex_Module__FXNS__C 
*          0    0000104c    00000024     
                  0000104c    00000024     app_ble_pem3.oem3 (.const:ti_sysbios_gates_GateMutex_Module__FXNS__C)

.const:ti_sysbios_family_arm_m3_Hwi_Object__DESC__C 
*          0    00001070    00000020     
                  00001070    00000020     app_ble_pem3.oem3 (.const:ti_sysbios_family_arm_m3_Hwi_Object__DESC__C)

.const:ti_sysbios_gates_GateHwi_Object__DESC__C 
*          0    00001090    00000020     
                  00001090    00000020     app_ble_pem3.oem3 (.const:ti_sysbios_gates_GateHwi_Object__DESC__C)

.const:ti_sysbios_gates_GateMutex_Object__DESC__C 
*          0    000010b0    00000020     
                  000010b0    00000020     app_ble_pem3.oem3 (.const:ti_sysbios_gates_GateMutex_Object__DESC__C)

.const:ti_sysbios_hal_Hwi_Object__DESC__C 
*          0    000010d0    00000020     
                  000010d0    00000020     app_ble_pem3.oem3 (.const:ti_sysbios_hal_Hwi_Object__DESC__C)

.const:ti_sysbios_heaps_HeapMem_Object__DESC__C 
*          0    000010f0    00000020     
                  000010f0    00000020     app_ble_pem3.oem3 (.const:ti_sysbios_heaps_HeapMem_Object__DESC__C)

.const:ti_sysbios_knl_Clock_Object__DESC__C 
*          0    00001110    00000020     
                  00001110    00000020     app_ble_pem3.oem3 (.const:ti_sysbios_knl_Clock_Object__DESC__C)

.const:ti_sysbios_knl_Event_Object__DESC__C 
*          0    00001130    00000020     
                  00001130    00000020     app_ble_pem3.oem3 (.const:ti_sysbios_knl_Event_Object__DESC__C)

.const:ti_sysbios_knl_Mailbox_Object__DESC__C 
*          0    00001150    00000020     
                  00001150    00000020     app_ble_pem3.oem3 (.const:ti_sysbios_knl_Mailbox_Object__DESC__C)

.const:ti_sysbios_knl_Queue_Object__DESC__C 
*          0    00001170    00000020     
                  00001170    00000020     app_ble_pem3.oem3 (.const:ti_sysbios_knl_Queue_Object__DESC__C)

.const:ti_sysbios_knl_Semaphore_Object__DESC__C 
*          0    00001190    00000020     
                  00001190    00000020     app_ble_pem3.oem3 (.const:ti_sysbios_knl_Semaphore_Object__DESC__C)

.const:ti_sysbios_knl_Swi_Object__DESC__C 
*          0    000011b0    00000020     
                  000011b0    00000020     app_ble_pem3.oem3 (.const:ti_sysbios_knl_Swi_Object__DESC__C)

.const:ti_sysbios_knl_Task_Object__DESC__C 
*          0    000011d0    00000020     
                  000011d0    00000020     app_ble_pem3.oem3 (.const:ti_sysbios_knl_Task_Object__DESC__C)

.const:ti_sysbios_knl_Idle_funcList__C 
*          0    000011f0    00000008     
                  000011f0    00000008     app_ble_pem3.oem3 (.const:ti_sysbios_knl_Idle_funcList__C)

.const:ti_sysbios_family_arm_cc26xx_Timer_startupNeeded__C 
*          0    000011f8    00000004     
                  000011f8    00000004     app_ble_pem3.oem3 (.const:ti_sysbios_family_arm_cc26xx_Timer_startupNeeded__C)

.const:ti_sysbios_family_arm_m3_Hwi_E_alreadyDefined__C 
*          0    000011fc    00000004     
                  000011fc    00000004     app_ble_pem3.oem3 (.const:ti_sysbios_family_arm_m3_Hwi_E_alreadyDefined__C)

.const:ti_sysbios_family_arm_m3_Hwi_E_hwiLimitExceeded__C 
*          0    00001200    00000004     
                  00001200    00000004     app_ble_pem3.oem3 (.const:ti_sysbios_family_arm_m3_Hwi_E_hwiLimitExceeded__C)

.const:ti_sysbios_family_arm_m3_Hwi_NUM_INTERRUPTS__C 
*          0    00001204    00000004     
                  00001204    00000004     app_ble_pem3.oem3 (.const:ti_sysbios_family_arm_m3_Hwi_NUM_INTERRUPTS__C)

.const:ti_sysbios_family_arm_m3_Hwi_Object__count__C 
*          0    00001208    00000004     
                  00001208    00000004     app_ble_pem3.oem3 (.const:ti_sysbios_family_arm_m3_Hwi_Object__count__C)

.const:ti_sysbios_family_arm_m3_Hwi_Object__table__C 
*          0    0000120c    00000004     
                  0000120c    00000004     app_ble_pem3.oem3 (.const:ti_sysbios_family_arm_m3_Hwi_Object__table__C)

.const:ti_sysbios_family_arm_m3_Hwi_ccr__C 
*          0    00001210    00000004     
                  00001210    00000004     app_ble_pem3.oem3 (.const:ti_sysbios_family_arm_m3_Hwi_ccr__C)

.const:ti_sysbios_family_arm_m3_Hwi_excHandlerFunc__C 
*          0    00001214    00000004     
                  00001214    00000004     app_ble_pem3.oem3 (.const:ti_sysbios_family_arm_m3_Hwi_excHandlerFunc__C)

.const:ti_sysbios_family_arm_m3_Hwi_nullIsrFunc__C 
*          0    00001218    00000004     
                  00001218    00000004     app_ble_pem3.oem3 (.const:ti_sysbios_family_arm_m3_Hwi_nullIsrFunc__C)

.const:ti_sysbios_family_arm_m3_Hwi_numSparseInterrupts__C 
*          0    0000121c    00000004     
                  0000121c    00000004     app_ble_pem3.oem3 (.const:ti_sysbios_family_arm_m3_Hwi_numSparseInterrupts__C)

.const:ti_sysbios_family_arm_m3_Hwi_priGroup__C 
*          0    00001220    00000004     
                  00001220    00000004     app_ble_pem3.oem3 (.const:ti_sysbios_family_arm_m3_Hwi_priGroup__C)

.const:ti_sysbios_family_arm_m3_TaskSupport_stackAlignment__C 
*          0    00001224    00000004     
                  00001224    00000004     app_ble_pem3.oem3 (.const:ti_sysbios_family_arm_m3_TaskSupport_stackAlignment__C)

.const:ti_sysbios_heaps_HeapMem_E_memory__C 
*          0    00001228    00000004     
                  00001228    00000004     app_ble_pem3.oem3 (.const:ti_sysbios_heaps_HeapMem_E_memory__C)

.const:ti_sysbios_heaps_HeapMem_Module__gateObj__C 
*          0    0000122c    00000004     
                  0000122c    00000004     app_ble_pem3.oem3 (.const:ti_sysbios_heaps_HeapMem_Module__gateObj__C)

.const:ti_sysbios_heaps_HeapMem_Object__count__C 
*          0    00001230    00000004     
                  00001230    00000004     app_ble_pem3.oem3 (.const:ti_sysbios_heaps_HeapMem_Object__count__C)

.const:ti_sysbios_heaps_HeapMem_Object__table__C 
*          0    00001234    00000004     
                  00001234    00000004     app_ble_pem3.oem3 (.const:ti_sysbios_heaps_HeapMem_Object__table__C)

.const:ti_sysbios_heaps_HeapMem_reqAlign__C 
*          0    00001238    00000004     
                  00001238    00000004     app_ble_pem3.oem3 (.const:ti_sysbios_heaps_HeapMem_reqAlign__C)

.const:ti_sysbios_knl_Clock_triggerClock__C 
*          0    0000123c    00000004     
                  0000123c    00000004     app_ble_pem3.oem3 (.const:ti_sysbios_knl_Clock_triggerClock__C)

.const:ti_sysbios_knl_Mailbox_Object__count__C 
*          0    00001240    00000004     
                  00001240    00000004     app_ble_pem3.oem3 (.const:ti_sysbios_knl_Mailbox_Object__count__C)

.const:ti_sysbios_knl_Mailbox_Object__table__C 
*          0    00001244    00000004     
                  00001244    00000004     app_ble_pem3.oem3 (.const:ti_sysbios_knl_Mailbox_Object__table__C)

.const:ti_sysbios_knl_Mailbox_maxTypeAlign__C 
*          0    00001248    00000004     
                  00001248    00000004     app_ble_pem3.oem3 (.const:ti_sysbios_knl_Mailbox_maxTypeAlign__C)

.const:ti_sysbios_knl_Queue_Object__count__C 
*          0    0000124c    00000004     
                  0000124c    00000004     app_ble_pem3.oem3 (.const:ti_sysbios_knl_Queue_Object__count__C)

.const:ti_sysbios_knl_Queue_Object__table__C 
*          0    00001250    00000004     
                  00001250    00000004     app_ble_pem3.oem3 (.const:ti_sysbios_knl_Queue_Object__table__C)

.const:ti_sysbios_knl_Semaphore_eventPost__C 
*          0    00001254    00000004     
                  00001254    00000004     app_ble_pem3.oem3 (.const:ti_sysbios_knl_Semaphore_eventPost__C)

.const:ti_sysbios_knl_Semaphore_eventSync__C 
*          0    00001258    00000004     
                  00001258    00000004     app_ble_pem3.oem3 (.const:ti_sysbios_knl_Semaphore_eventSync__C)

.const:ti_sysbios_knl_Swi_Object__count__C 
*          0    0000125c    00000004     
                  0000125c    00000004     app_ble_pem3.oem3 (.const:ti_sysbios_knl_Swi_Object__count__C)

.const:ti_sysbios_knl_Swi_Object__table__C 
*          0    00001260    00000004     
                  00001260    00000004     app_ble_pem3.oem3 (.const:ti_sysbios_knl_Swi_Object__table__C)

.const:ti_sysbios_knl_Swi_numPriorities__C 
*          0    00001264    00000004     
                  00001264    00000004     app_ble_pem3.oem3 (.const:ti_sysbios_knl_Swi_numPriorities__C)

.const:ti_sysbios_knl_Task_Object__count__C 
*          0    00001268    00000004     
                  00001268    00000004     app_ble_pem3.oem3 (.const:ti_sysbios_knl_Task_Object__count__C)

.const:ti_sysbios_knl_Task_Object__table__C 
*          0    0000126c    00000004     
                  0000126c    00000004     app_ble_pem3.oem3 (.const:ti_sysbios_knl_Task_Object__table__C)

.const:ti_sysbios_knl_Task_allBlockedFunc__C 
*          0    00001270    00000004     
                  00001270    00000004     app_ble_pem3.oem3 (.const:ti_sysbios_knl_Task_allBlockedFunc__C)

.const:ti_sysbios_knl_Task_defaultStackHeap__C 
*          0    00001274    00000004     
                  00001274    00000004     app_ble_pem3.oem3 (.const:ti_sysbios_knl_Task_defaultStackHeap__C)

.const:ti_sysbios_knl_Task_defaultStackSize__C 
*          0    00001278    00000004     
                  00001278    00000004     app_ble_pem3.oem3 (.const:ti_sysbios_knl_Task_defaultStackSize__C)

.const:ti_sysbios_knl_Task_numConstructedTasks__C 
*          0    0000127c    00000004     
                  0000127c    00000004     app_ble_pem3.oem3 (.const:ti_sysbios_knl_Task_numConstructedTasks__C)

.const:ti_sysbios_family_arm_cc26xx_Timer_Module__id__C 
*          0    00001280    00000002     
                  00001280    00000002     app_ble_pem3.oem3 (.const:ti_sysbios_family_arm_cc26xx_Timer_Module__id__C)

.const:ti_sysbios_family_arm_cc26xx_TimestampProvider_useClockTimer__C 
*          0    00001282    00000002     
                  00001282    00000002     app_ble_pem3.oem3 (.const:ti_sysbios_family_arm_cc26xx_TimestampProvider_useClockTimer__C)

.const:ti_sysbios_family_arm_m3_Hwi_Module__id__C 
*          0    00001284    00000002     
                  00001284    00000002     app_ble_pem3.oem3 (.const:ti_sysbios_family_arm_m3_Hwi_Module__id__C)

.const:ti_sysbios_gates_GateHwi_Module__id__C 
*          0    00001286    00000002     
                  00001286    00000002     app_ble_pem3.oem3 (.const:ti_sysbios_gates_GateHwi_Module__id__C)

.const:ti_sysbios_gates_GateMutex_Module__id__C 
*          0    00001288    00000002     
                  00001288    00000002     app_ble_pem3.oem3 (.const:ti_sysbios_gates_GateMutex_Module__id__C)

.const:ti_sysbios_heaps_HeapMem_Module__id__C 
*          0    0000128a    00000002     
                  0000128a    00000002     app_ble_pem3.oem3 (.const:ti_sysbios_heaps_HeapMem_Module__id__C)

.const:ti_sysbios_knl_Task_initStackFlag__C 
*          0    0000128c    00000002     
                  0000128c    00000002     app_ble_pem3.oem3 (.const:ti_sysbios_knl_Task_initStackFlag__C)

.const:ti_sysbios_knl_Clock_tickMode__C 
*          0    0000128e    00000001     
                  0000128e    00000001     app_ble_pem3.oem3 (.const:ti_sysbios_knl_Clock_tickMode__C)

.const:xdc_runtime_Startup_firstFxns__C 
*          0    00001290    00000008     
                  00001290    00000008     app_ble_pem3.oem3 (.const:xdc_runtime_Startup_firstFxns__C)

.const:xdc_runtime_Startup_lastFxns__C 
*          0    00001298    00000008     
                  00001298    00000008     app_ble_pem3.oem3 (.const:xdc_runtime_Startup_lastFxns__C)

.const:xdc_runtime_Assert_E_assertFailed__C 
*          0    000012a0    00000004     
                  000012a0    00000004     app_ble_pem3.oem3 (.const:xdc_runtime_Assert_E_assertFailed__C)

.const:xdc_runtime_Error_E_memory__C 
*          0    000012a4    00000004     
                  000012a4    00000004     app_ble_pem3.oem3 (.const:xdc_runtime_Error_E_memory__C)

.const:xdc_runtime_Error_policyFxn__C 
*          0    000012a8    00000004     
                  000012a8    00000004     app_ble_pem3.oem3 (.const:xdc_runtime_Error_policyFxn__C)

.const:xdc_runtime_Error_raiseHook__C 
*          0    000012ac    00000004     
                  000012ac    00000004     app_ble_pem3.oem3 (.const:xdc_runtime_Error_raiseHook__C)

.const:xdc_runtime_IGateProvider_Interface__BASE__C 
*          0    000012b0    00000004     
                  000012b0    00000004     app_ble_pem3.oem3 (.const:xdc_runtime_IGateProvider_Interface__BASE__C)

.const:xdc_runtime_IHeap_Interface__BASE__C 
*          0    000012b4    00000004     
                  000012b4    00000004     app_ble_pem3.oem3 (.const:xdc_runtime_IHeap_Interface__BASE__C)

.const:xdc_runtime_IModule_Interface__BASE__C 
*          0    000012b8    00000004     
                  000012b8    00000004     app_ble_pem3.oem3 (.const:xdc_runtime_IModule_Interface__BASE__C)

.const:xdc_runtime_Memory_defaultHeapInstance__C 
*          0    000012bc    00000004     
                  000012bc    00000004     app_ble_pem3.oem3 (.const:xdc_runtime_Memory_defaultHeapInstance__C)

.const:xdc_runtime_Startup_execImpl__C 
*          0    000012c0    00000004     
                  000012c0    00000004     app_ble_pem3.oem3 (.const:xdc_runtime_Startup_execImpl__C)

.const:xdc_runtime_Startup_maxPasses__C 
*          0    000012c4    00000004     
                  000012c4    00000004     app_ble_pem3.oem3 (.const:xdc_runtime_Startup_maxPasses__C)

.const:xdc_runtime_Startup_sfxnRts__C 
*          0    000012c8    00000004     
                  000012c8    00000004     app_ble_pem3.oem3 (.const:xdc_runtime_Startup_sfxnRts__C)

.const:xdc_runtime_Startup_sfxnTab__C 
*          0    000012cc    00000004     
                  000012cc    00000004     app_ble_pem3.oem3 (.const:xdc_runtime_Startup_sfxnTab__C)

.const:xdc_runtime_Startup_startModsFxn__C 
*          0    000012d0    00000004     
                  000012d0    00000004     app_ble_pem3.oem3 (.const:xdc_runtime_Startup_startModsFxn__C)

.const:xdc_runtime_SysCallback_abortFxn__C 
*          0    000012d4    00000004     
                  000012d4    00000004     app_ble_pem3.oem3 (.const:xdc_runtime_SysCallback_abortFxn__C)

.const:xdc_runtime_SysCallback_exitFxn__C 
*          0    000012d8    00000004     
                  000012d8    00000004     app_ble_pem3.oem3 (.const:xdc_runtime_SysCallback_exitFxn__C)

.const:xdc_runtime_System_abortFxn__C 
*          0    000012dc    00000004     
                  000012dc    00000004     app_ble_pem3.oem3 (.const:xdc_runtime_System_abortFxn__C)

.const:xdc_runtime_System_exitFxn__C 
*          0    000012e0    00000004     
                  000012e0    00000004     app_ble_pem3.oem3 (.const:xdc_runtime_System_exitFxn__C)

.const:xdc_runtime_System_maxAtexitHandlers__C 
*          0    000012e4    00000004     
                  000012e4    00000004     app_ble_pem3.oem3 (.const:xdc_runtime_System_maxAtexitHandlers__C)

.const:xdc_runtime_Text_charTab__C 
*          0    000012e8    00000004     
                  000012e8    00000004     app_ble_pem3.oem3 (.const:xdc_runtime_Text_charTab__C)

.const:xdc_runtime_Text_nameEmpty__C 
*          0    000012ec    00000004     
                  000012ec    00000004     app_ble_pem3.oem3 (.const:xdc_runtime_Text_nameEmpty__C)

.const:xdc_runtime_Text_nameStatic__C 
*          0    000012f0    00000004     
                  000012f0    00000004     app_ble_pem3.oem3 (.const:xdc_runtime_Text_nameStatic__C)

.const:xdc_runtime_Text_nameUnknown__C 
*          0    000012f4    00000004     
                  000012f4    00000004     app_ble_pem3.oem3 (.const:xdc_runtime_Text_nameUnknown__C)

.const:xdc_runtime_Error_maxDepth__C 
*          0    000012f8    00000002     
                  000012f8    00000002     app_ble_pem3.oem3 (.const:xdc_runtime_Error_maxDepth__C)

.const:xdc_runtime_Memory_Module__id__C 
*          0    000012fa    00000002     
                  000012fa    00000002     app_ble_pem3.oem3 (.const:xdc_runtime_Memory_Module__id__C)

.const:xdc_runtime_Text_charCnt__C 
*          0    000012fc    00000002     
                  000012fc    00000002     app_ble_pem3.oem3 (.const:xdc_runtime_Text_charCnt__C)

.const:xdc_runtime_Text_isLoaded__C 
*          0    000012fe    00000002     
                  000012fe    00000002     app_ble_pem3.oem3 (.const:xdc_runtime_Text_isLoaded__C)

.const:xdc_runtime_Error_policy__C 
*          0    00001300    00000001     
                  00001300    00000001     app_ble_pem3.oem3 (.const:xdc_runtime_Error_policy__C)

.const:ti_sysbios_rom_ROM_ti_sysbios_family_arm_cc26xx_Timer_getCount64__E 
*          0    00001304    00000004     
                  00001304    00000004     app_ble_pem3.oem3 (.const:ti_sysbios_rom_ROM_ti_sysbios_family_arm_cc26xx_Timer_getCount64__E)

.const:ti_sysbios_rom_ROM_ti_sysbios_family_arm_cc26xx_Timer_getCurrentTick__E 
*          0    00001308    00000004     
                  00001308    00000004     app_ble_pem3.oem3 (.const:ti_sysbios_rom_ROM_ti_sysbios_family_arm_cc26xx_Timer_getCurrentTick__E)

.const:ti_sysbios_rom_ROM_ti_sysbios_family_arm_cc26xx_Timer_getMaxTicks__E 
*          0    0000130c    00000004     
                  0000130c    00000004     app_ble_pem3.oem3 (.const:ti_sysbios_rom_ROM_ti_sysbios_family_arm_cc26xx_Timer_getMaxTicks__E)

.const:ti_sysbios_rom_ROM_ti_sysbios_family_arm_cc26xx_Timer_initDevice__I 
*          0    00001310    00000004     
                  00001310    00000004     app_ble_pem3.oem3 (.const:ti_sysbios_rom_ROM_ti_sysbios_family_arm_cc26xx_Timer_initDevice__I)

.const:ti_sysbios_rom_ROM_ti_sysbios_family_arm_cc26xx_Timer_setNextTick__E 
*          0    00001314    00000004     
                  00001314    00000004     app_ble_pem3.oem3 (.const:ti_sysbios_rom_ROM_ti_sysbios_family_arm_cc26xx_Timer_setNextTick__E)

.const:ti_sysbios_rom_ROM_ti_sysbios_family_arm_cc26xx_Timer_setThreshold__I 
*          0    00001318    00000004     
                  00001318    00000004     app_ble_pem3.oem3 (.const:ti_sysbios_rom_ROM_ti_sysbios_family_arm_cc26xx_Timer_setThreshold__I)

.const:ti_sysbios_rom_ROM_ti_sysbios_family_arm_cc26xx_Timer_start__E 
*          0    0000131c    00000004     
                  0000131c    00000004     app_ble_pem3.oem3 (.const:ti_sysbios_rom_ROM_ti_sysbios_family_arm_cc26xx_Timer_start__E)

.const:ti_sysbios_rom_ROM_ti_sysbios_family_arm_cc26xx_TimestampProvider_get32__E 
*          0    00001320    00000004     
                  00001320    00000004     app_ble_pem3.oem3 (.const:ti_sysbios_rom_ROM_ti_sysbios_family_arm_cc26xx_TimestampProvider_get32__E)

.const:ti_sysbios_rom_ROM_xdc_runtime_Startup_getState__I 
*          0    00001324    00000004     
                  00001324    00000004     app_ble_pem3.oem3 (.const:ti_sysbios_rom_ROM_xdc_runtime_Startup_getState__I)

.const:ti_sysbios_rom_ROM_xdc_runtime_System_SupportProxy_abort__E 
*          0    00001328    00000004     
                  00001328    00000004     app_ble_pem3.oem3 (.const:ti_sysbios_rom_ROM_xdc_runtime_System_SupportProxy_abort__E)

.const:ti_sysbios_rom_ROM_xdc_runtime_System_SupportProxy_exit__E 
*          0    0000132c    00000004     
                  0000132c    00000004     app_ble_pem3.oem3 (.const:ti_sysbios_rom_ROM_xdc_runtime_System_SupportProxy_exit__E)

.TI.bound:NV_FLASH 
*          0    0001d000    00001000     
                  0001d000    00001000     ble5_simple_peripheral_cc2640r2lp_stack_library.lib : osal_snv_wrapper.obj (.TI.bound:NV_FLASH)

.data:ti_sysbios_knl_Task_Module__state__V 
*          0    20000100    00000044     UNINITIALIZED
                  20000100    00000044     app_ble_pem3.oem3 (.data:ti_sysbios_knl_Task_Module__state__V)

.data:ti_sysbios_family_arm_m3_Hwi_Module__state__V 
*          0    20000144    00000034     UNINITIALIZED
                  20000144    00000034     app_ble_pem3.oem3 (.data:ti_sysbios_family_arm_m3_Hwi_Module__state__V)

.data:ti_sysbios_knl_Clock_Module__state__V 
*          0    20000178    0000002c     UNINITIALIZED
                  20000178    0000002c     app_ble_pem3.oem3 (.data:ti_sysbios_knl_Clock_Module__state__V)

.data:ti_sysbios_BIOS_Module__state__V 
*          0    200001a4    00000024     UNINITIALIZED
                  200001a4    00000024     app_ble_pem3.oem3 (.data:ti_sysbios_BIOS_Module__state__V)

.data:ti_sysbios_knl_Swi_Module__state__V 
*          0    200001c8    0000001c     UNINITIALIZED
                  200001c8    0000001c     app_ble_pem3.oem3 (.data:ti_sysbios_knl_Swi_Module__state__V)

.data:ti_sysbios_family_arm_cc26xx_Timer_Module__state__V 
*          0    200001e4    00000008     UNINITIALIZED
                  200001e4    00000008     app_ble_pem3.oem3 (.data:ti_sysbios_family_arm_cc26xx_Timer_Module__state__V)

.data:ti_sysbios_family_arm_cc26xx_TimestampProvider_Module__state__V 
*          0    200001ec    00000004     UNINITIALIZED
                  200001ec    00000004     app_ble_pem3.oem3 (.data:ti_sysbios_family_arm_cc26xx_TimestampProvider_Module__state__V)

.data:xdc_runtime_Startup_Module__state__V 
*          0    200001f0    00000008     UNINITIALIZED
                  200001f0    00000008     app_ble_pem3.oem3 (.data:xdc_runtime_Startup_Module__state__V)

.data:xdc_runtime_System_Module__state__V 
*          0    200001f8    00000008     UNINITIALIZED
                  200001f8    00000008     app_ble_pem3.oem3 (.data:xdc_runtime_System_Module__state__V)

.data:xdc_runtime_Memory_Module__state__V 
*          0    20000200    00000004     UNINITIALIZED
                  20000200    00000004     app_ble_pem3.oem3 (.data:xdc_runtime_Memory_Module__state__V)

.data:xdc_runtime_Error_Module__state__V 
*          0    20000204    00000002     UNINITIALIZED
                  20000204    00000002     app_ble_pem3.oem3 (.data:xdc_runtime_Error_Module__state__V)

.bootVecs 
*          0    00000000    00000008     DSECT
                  00000000    00000008     boot.aem3 : boot.oem3 (.bootVecs)

.resetVecs 
*          0    00000000    0000003c     
                  00000000    0000003c     app_ble_pem3.oem3 (.resetVecs)

.vecs      0    20000000    000000c8     NOLOAD SECTION
                  20000000    000000c8     app_ble_pem3.oem3 (.vecs)

xdc.meta   0    00000000    00000124     COPY SECTION
                  00000000    00000124     app_ble_pem3.oem3 (xdc.meta)

xdc.noload 
*          0    00000000    00000000     COPY SECTION

.cinit     0    0001a6f8    00000dac     
                  0001a6f8    00000c63     (.cinit..data.load) [load image]
                  0001b35b    00000029     (.cinit..data:ti_sysbios_family_arm_m3_Hwi_Module__state__V.load) [load image, compression = lzss]
                  0001b384    00000021     (.cinit..data:ti_sysbios_knl_Task_Module__state__V.load) [load image, compression = lzss]
                  0001b3a5    0000001f     (.cinit..data:ti_sysbios_BIOS_Module__state__V.load) [load image, compression = lzss]
                  0001b3c4    0000001d     (.cinit..data:ti_sysbios_knl_Clock_Module__state__V.load) [load image, compression = lzss]
                  0001b3e1    00000010     (.cinit..data:ti_sysbios_knl_Swi_Module__state__V.load) [load image, compression = lzss]
                  0001b3f1    00000003     --HOLE-- [fill = 0]
                  0001b3f4    0000000c     (__TI_handler_table)
                  0001b400    0000000b     (.cinit..data:ti_sysbios_family_arm_cc26xx_Timer_Module__state__V.load) [load image, compression = lzss]
                  0001b40b    00000005     --HOLE-- [fill = 0]
                  0001b410    00000008     (.cinit..bss.load) [load image, compression = zero_init]
                  0001b418    00000008     (.cinit..data:xdc_runtime_Memory_Module__state__V.load) [load image, compression = lzss]
                  0001b420    00000007     (.cinit..data:ti_sysbios_family_arm_cc26xx_TimestampProvider_Module__state__V.load) [load image, compression = lzss]
                  0001b427    00000007     (.cinit..data:xdc_runtime_Startup_Module__state__V.load) [load image, compression = lzss]
                  0001b42e    00000007     (.cinit..data:xdc_runtime_System_Module__state__V.load) [load image, compression = lzss]
                  0001b435    00000006     (.cinit..data:xdc_runtime_Error_Module__state__V.load) [load image, compression = lzss]
                  0001b43b    00000001     --HOLE-- [fill = 0]
                  0001b43c    00000068     (__TI_cinit_table)

.init_array 
*          0    00000000    00000000     UNINITIALIZED

.ccfg      0    0001ffa8    00000058     
                  0001ffa8    00000058     ccfg_app_ble.obj (.ccfg:retain)

.data      0    20000208    00000c5b     UNINITIALIZED
                  20000208    00000130     devinfoservice.obj (.data:devInfoAttrTbl)
                  20000338    00000114     drivers_cc26x0r2.aem3 : PINCC26XX.oem3 (.data:$O1$$)
                  2000044c    00000114                           : PowerCC26XX.oem3 (.data:PowerCC26XX_module)
                  20000560    00000110     simple_gatt_profile.obj (.data:simpleProfileAttrTbl)
                  20000670    000000d8     ble5_simple_peripheral_cc2640r2lp_stack_library.lib : gapbondmgr.obj (.data:$O1$$)
                  20000748    00000090     profiles_pxxx.a : gapgattserver.o (.data)
                  200007d8    0000007c     ble5_simple_peripheral_cc2640r2lp_stack_library.lib : osal_cbtimer.obj (.data:$O1$$)
                  20000854    00000058     drivers_cc26x0r2.aem3 : CryptoResourceCC26XX.oem3 (.data:$O1$$)
                  200008ac    0000004c     app_ble_pem3.oem3 (.data:ti_sysbios_knl_Task_Object__table__V)
                  200008f8    00000048     app_ble_pem3.oem3 (.data:ti_sysbios_family_arm_cc26xx_Timer_Object__table__V)
                  20000940    00000040     ble_user_config.obj (.data:rfRegTbl)
                  20000980    0000003c     ll_pxxx.a : ll_config.o (.data)
                  200009bc    00000038     app_ble_pem3.oem3 (.data:ti_sysbios_gates_GateMutex_Object__table__V)
                  200009f4    00000030     app_ble_pem3.oem3 (.data:ti_sysbios_knl_Swi_Module_State_0_readyQ__A)
                  20000a24    00000030     app_ble_pem3.oem3 (.data:ti_sysbios_knl_Swi_Object__table__V)
                  20000a54    00000030     app_ble_pem3.oem3 (.data:ti_sysbios_knl_Task_Module_State_0_readyQ__A)
                  20000a84    00000028     ble5_simple_peripheral_cc2640r2lp_stack_library.lib : osal.obj (.data:$O1$$)
                  20000aac    00000024     profiles_pxxx.a : gapgattserver.o (.data)
                  20000ad0    00000020     ECCROMCC26XX.obj (.data:K2_mont)
                  20000af0    00000020     app_ble_pem3.oem3 (.data:ti_sysbios_knl_Clock_Object__table__V)
                  20000b10    00000020     app_ble_pem3.oem3 (.data:xdc_runtime_Error_IgnoreBlock)
                  20000b30    0000001e     simple_peripheral.obj (.data:advertData)
                  20000b4e    00000002     sm_pxxx.a : sm_mgr.o (.data)
                  20000b50    0000001c     icall.obj (.data)
                  20000b6c    00000019     simple_peripheral.obj (.data:scanRspData)
                  20000b85    00000001     ECCROMCC26XX.obj (.data)
                  20000b86    00000002     app_ble_pem3.oem3 (.data:ti_sysbios_family_arm_m3_Hwi_Module_State_0_excActive__A)
                  20000b88    00000018     sm_pxxx.a : sm_rsppairing.o (.data)
                  20000ba0    00000018     app_ble_pem3.oem3 (.data:ti_sysbios_family_arm_m3_Hwi_Object__table__V)
                  20000bb8    00000015     simple_peripheral.obj (.data:attDeviceName)
                  20000bcd    00000015     devinfoservice.obj (.data:devInfoFirmwareRev)
                  20000be2    00000015     devinfoservice.obj (.data:devInfoHardwareRev)
                  20000bf7    00000015     devinfoservice.obj (.data:devInfoMfrName)
                  20000c0c    00000015     devinfoservice.obj (.data:devInfoModelNumber)
                  20000c21    00000015     devinfoservice.obj (.data:devInfoSerialNumber)
                  20000c36    00000015     devinfoservice.obj (.data:devInfoSoftwareRev)
                  20000c4b    00000001     TRNGCC26XX.obj (.data)
                  20000c4c    00000014     gap_pxxx.a : gap_configmgr.o (.data)
                  20000c60    00000011     simple_gatt_profile.obj (.data:simpleProfileChar1UserDesp)
                  20000c71    00000011     simple_gatt_profile.obj (.data:simpleProfileChar2UserDesp)
                  20000c82    00000011     simple_gatt_profile.obj (.data:simpleProfileChar3UserDesp)
                  20000c93    00000011     simple_gatt_profile.obj (.data:simpleProfileChar4UserDesp)
                  20000ca4    00000011     simple_gatt_profile.obj (.data:simpleProfileChar5UserDesp)
                  20000cb5    00000001     simple_peripheral.obj (.data:argPeriodic)
                  20000cb6    00000001     simple_peripheral.obj (.data:argRpaRead)
                  20000cb7    00000001     ble5_simple_peripheral_cc2640r2lp_stack_library.lib : gap.obj (.data)
                  20000cb8    00000010     icall_user_config.obj (.data:bleAppServiceInfoTable)
                  20000cc8    00000010     gap_pxxx.a : gap_configmgr.o (.data)
                  20000cd8    00000010     icall_api_lite.obj (.data)
                  20000ce8    00000010     ll_pxxx.a : ll.o (.data)
                  20000cf8    00000010     profiles_pxxx.a : gattservapp.o (.data)
                  20000d08    00000010     main.obj (.data:user0Cfg)
                  20000d18    0000000e     devinfoservice.obj (.data:defaultDevInfo11073Cert)
                  20000d26    00000001     drivers_cc26x0r2.aem3 : CryptoCC26XX.oem3 (.data)
                  20000d27    00000001     gatt_pxxx.a : gatt_client.o (.data)
                  20000d28    0000000e     devinfoservice.obj (.data)
                  20000d36    00000001     l2cap_pxxx.a : l2cap_task.o (.data)
                  20000d37    00000001     ll_pxxx.a : ll_ae.o (.data)
                  20000d38    0000000d     simple_gatt_profile.obj (.data)
                  20000d45    00000001     ll_pxxx.a : ll_data.o (.data)
                  20000d46    00000001     profiles_pxxx.a : gapgattserver.o (.data)
                  20000d47    00000001                     : gapgattserver.o (.data)
                  20000d48    0000000c     ll_pxxx.a : ll_data.o (.data)
                  20000d54    0000000c     ble_user_config.obj (.data:rfRegTbl1M)
                  20000d60    0000000c     ble_user_config.obj (.data:rfRegTblCoded)
                  20000d6c    0000000c     app_ble_pem3.oem3 (.data:ti_sysbios_heaps_HeapCallback_Object__table__V)
                  20000d78    00000008     ble5_simple_peripheral_cc2640r2lp_stack_library.lib : hal_assert.obj (.data:$O1$$)
                  20000d80    00000008                                                         : osal_clock.obj (.data:$O1$$)
                  20000d88    00000008     rtsv7M3_T_le_eabi.lib : _lock.c.obj (.data:$O1$$)
                  20000d90    00000008     simple_peripheral.obj (.data:SimplePeripheral_BondMgrCBs)
                  20000d98    00000008     devinfoservice.obj (.data:devInfoSystemId)
                  20000da0    00000008     gap_pxxx.a : gap_advertiser.o (.data)
                  20000da8    00000008     icall_cc2650.obj (.data)
                  20000db0    00000008     ble_user_config.obj (.data:rfRegTbl2M)
                  20000db8    00000008     app_ble_pem3.oem3 (.data:ti_sysbios_family_arm_m3_Hwi_Module__root__V)
                  20000dc0    00000008     app_ble_pem3.oem3 (.data:ti_sysbios_gates_GateHwi_Module__root__V)
                  20000dc8    00000008     app_ble_pem3.oem3 (.data:ti_sysbios_gates_GateMutex_Module__root__V)
                  20000dd0    00000008     app_ble_pem3.oem3 (.data:ti_sysbios_hal_Hwi_Module__root__V)
                  20000dd8    00000008     app_ble_pem3.oem3 (.data:ti_sysbios_heaps_HeapCallback_Module__root__V)
                  20000de0    00000008     app_ble_pem3.oem3 (.data:ti_sysbios_heaps_HeapMem_Module__root__V)
                  20000de8    00000008     app_ble_pem3.oem3 (.data:ti_sysbios_knl_Clock_Module__root__V)
                  20000df0    00000008     app_ble_pem3.oem3 (.data:ti_sysbios_knl_Event_Module__root__V)
                  20000df8    00000008     app_ble_pem3.oem3 (.data:ti_sysbios_knl_Mailbox_Module__root__V)
                  20000e00    00000008     app_ble_pem3.oem3 (.data:ti_sysbios_knl_Queue_Module__root__V)
                  20000e08    00000008     app_ble_pem3.oem3 (.data:ti_sysbios_knl_Semaphore_Module__root__V)
                  20000e10    00000008     app_ble_pem3.oem3 (.data:ti_sysbios_knl_Swi_Module__root__V)
                  20000e18    00000008     app_ble_pem3.oem3 (.data:ti_sysbios_knl_Task_Module__root__V)
                  20000e20    00000007     devinfoservice.obj (.data:devInfoPnpId)
                  20000e27    00000006     simple_peripheral.obj (.data:rpa)
                  20000e2d    00000005     simple_gatt_profile.obj (.data:simpleProfileChar5)
                  20000e32    00000001     profiles_pxxx.a : gapgattserver.o (.data)
                  20000e33    00000001                     : gapgattserver.o (.data)
                  20000e34    00000004     ble5_simple_peripheral_cc2640r2lp_stack_library.lib : osal_pwrmgr.obj (.data:$O1$$)
                  20000e38    00000004                                                         : osal_snv_wrapper.obj (.data:$O1$$)
                  20000e3c    00000004     icall.obj (.data:ICall_initParams)
                  20000e40    00000004     simple_peripheral.obj (.data:SimplePeripheral_simpleProfileCBs)
                  20000e44    00000004     ble5_simple_peripheral_cc2640r2lp_stack_library.lib : ble_user_config.obj (.data)
                  20000e48    00000004                                                         : osal_bufmgr.obj (.data)
                  20000e4c    00000004     ble_user_config.obj (.data)
                  20000e50    00000004     rtsv7M3_T_le_eabi.lib : stkdepth_vars.c.obj (.data)
                  20000e54    00000004     app_ble_pem3.oem3 (.data:ti_sysbios_family_arm_m3_Hwi_Module_State_0_excContext__A)
                  20000e58    00000004     app_ble_pem3.oem3 (.data:ti_sysbios_family_arm_m3_Hwi_Module_State_0_excStack__A)
                  20000e5c    00000004     app_ble_pem3.oem3 (.data:ti_sysbios_knl_Task_Module_State_0_idleTask__A)
                  20000e60    00000003     simple_peripheral.obj (.data)

.bss       0    20000e68    00000ce4     UNINITIALIZED
                  20000e68    000003a0     rf_singleMode_cc26x0r2.aem3 : RFCC26XX_singleMode.oem3 (.bss:$O1$$)
                  20001208    00000284     (.common:spTaskStack)
                  2000148c    00000004     ECCROMCC26XX.obj (.bss)
                  20001490    00000200     app_ble_pem3.oem3 (.bss:taskStackSection)
                  20001690    000000d4     ll_pxxx.a : ll_privacy.o (.bss)
                  20001764    000000c8     (.common:ti_sysbios_family_arm_m3_Hwi_dispatchTable)
                  2000182c    00000050     (.common:spTask)
                  2000187c    00000048     icall.obj (.bss:ICall_entities)
                  200018c4    00000044     ll_pxxx.a : ll_ae.o (.bss)
                  20001908    00000038               : ble.o (.bss)
                  20001940    0000002c     (.common:cryptoCC26XXObjects)
                  2000196c    00000024     icall.obj (.bss:ICall_tasks)
                  20001990    00000024     simple_peripheral.obj (.bss:clkPeriodic)
                  200019b4    00000024     simple_peripheral.obj (.bss:clkRpaRead)
                  200019d8    00000024     ll_pxxx.a : ll.o (.bss)
                  200019fc    0000001c               : ble.o (.bss)
                  20001a18    00000018     simple_peripheral.obj (.bss:connList)
                  20001a30    00000014     rf_singleMode_cc26x0r2.aem3 : RFCC26XX_singleMode.oem3 (.bss:RF_ratSyncCmd)
                  20001a44    00000014     ll_pxxx.a : ll.o (.bss)
                  20001a58    00000014     driverlib.lib : osc.obj (.bss:oscHfGlobals)
                  20001a6c    00000010     gap_pxxx.a : gap_configmgr.o (.bss)
                  20001a7c    0000000d     simple_peripheral.obj (.bss)
                  20001a89    00000001     att_pxxx.a : att_util.o (.bss)
                  20001a8a    00000002     ll_pxxx.a : ll.o (.bss)
                  20001a8c    0000000c     ble5_simple_peripheral_cc2640r2lp_stack_library.lib : osal_timers.obj (.bss:$O1$$)
                  20001a98    0000000c     simple_peripheral.obj (.bss:appMsgQueue)
                  20001aa4    0000000c     icall.obj (.bss)
                  20001ab0    0000000c     ll_pxxx.a : ll_scheduler.o (.bss)
                  20001abc    00000008     dpl_cc26x0r2.aem3 : PowerCC26XX_tirtos.oem3 (.bss:$O1$$)
                  20001ac4    00000008     ll_pxxx.a : ll_common.o (.bss)
                  20001acc    00000008     simple_peripheral.obj (.bss:paramUpdateList)
                  20001ad4    00000008     driverlib.lib : sys_ctrl.obj (.bss:powerQualGlobals)
                  20001adc    00000008     profiles_pxxx.a : gattservapp.o (.bss)
                  20001ae4    00000008     simple_peripheral.obj (.bss:setPhyCommStatList)
                  20001aec    00000004     att_pxxx.a : att_client.o (.bss)
                  20001af0    00000004     gap_pxxx.a : gap_linkmgr.o (.bss)
                  20001af4    00000004                : gap_task.o (.bss)
                  20001af8    00000004     gatt_pxxx.a : gatt_client.o (.bss)
                  20001afc    00000004     ll_pxxx.a : ble.o (.bss)
                  20001b00    00000004               : ble.o (.bss)
                  20001b04    00000004               : ll.o (.bss)
                  20001b08    00000004               : ll.o (.bss)
                  20001b0c    00000004               : ll.o (.bss)
                  20001b10    00000004               : ll.o (.bss)
                  20001b14    00000004               : ll.o (.bss)
                  20001b18    00000004               : ll_ae.o (.bss)
                  20001b1c    00000004               : ll_privacy.o (.bss)
                  20001b20    00000004     profiles_pxxx.a : gapgattserver.o (.bss)
                  20001b24    00000004     simple_gatt_profile.obj (.bss)
                  20001b28    00000004     (.common:ClockP_tickPeriod)
                  20001b2c    00000004     (.common:HEAPMGR_SIZE)
                  20001b30    00000004     (.common:tasksEvents)
                  20001b34    00000004     (.common:trngCC26XXObjects)
                  20001b38    00000002     ll_pxxx.a : ll.o (.bss)
                  20001b3a    00000002               : ll_slave_end_causes.o (.bss)
                  20001b3c    00000001     drivers_cc26x0r2.aem3 : CryptoCC26XX.oem3 (.bss)
                  20001b3d    00000001     hci_tl_none.a : hci_tl.o (.bss)
                  20001b3e    00000001                   : hci_tl.o (.bss)
                  20001b3f    00000001                   : hci_tl.o (.bss)
                  20001b40    00000001                   : hci_tl.o (.bss)
                  20001b41    00000001                   : hci_tl.o (.bss)
                  20001b42    00000001     l2cap_pxxx.a : l2cap_task.o (.bss)
                  20001b43    00000001     ll_pxxx.a : ll.o (.bss)
                  20001b44    00000001               : ll.o (.bss)
                  20001b45    00000001               : ll_ae.o (.bss)
                  20001b46    00000001               : ll_ae.o (.bss)
                  20001b47    00000001               : ll_ae.o (.bss)
                  20001b48    00000001     rf_singleMode_cc26x0r2.aem3 : RFCC26XX_singleMode.oem3 (.bss)
                  20001b49    00000001     (.common:driverlib_release_0_56883)
                  20001b4a    00000001     (.common:icall_liteTaskId)
                  20001b4b    00000001     (.common:osal_entity)

.vtable    0    20001b4c    00000000     UNINITIALIZED

.vtable_ram 
*          0    20001b4c    00000000     UNINITIALIZED

vtable_ram 
*          0    20001b4c    00000000     UNINITIALIZED

.sysmem    0    20001b4c    00000000     UNINITIALIZED

.nonretenvar 
*          0    20001b4c    00000000     UNINITIALIZED

.stack     0    20004000    00000400     UNINITIALIZED
                  20004000    00000400     --HOLE--

.text.1    0    0000003c    00000fc4     
                  0000003c    00000834     ll_pxxx.a : ble.o (.text)
                  00000870    00000008     ble_r2.symbols (.tramp.llMemCopySrc.1)
                  00000878    00000008     ble_r2.symbols (.tramp.LL_ENC_ReverseBytes.1)
                  00000880    00000008     ble_r2.symbols (.tramp.LL_ENC_GenDeviceSKD.1)
                  00000888    00000008     ble_r2.symbols (.tramp.LL_ENC_GenDeviceIV.1)
                  00000890    00000008     ble_r2.symbols (.tramp.LL_RemoteConnParamReqCback.1)
                  00000898    00000008     ble_r2.symbols (.tramp.llGetSlowestPhy.1)
                  000008a0    00000008     ble_r2.symbols (.tramp.LL_DataLengthChangeEventCback.1)
                  000008a8    00000700     ll_pxxx.a : ll_adv_end_causes.o (.text)
                  00000fa8    00000008     ble_r2.symbols (.tramp.llHardwareError.1)
                  00000fb0    00000008     ble_r2.symbols (.tramp.RFHAL_InitDataQueue.1)
                  00000fb8    00000048     ECCROMCC26XX.obj (.text:ECC_ArrayAllZeros)

.text.2    0    00001330    00017680     
                  00001330    00000510     ll_pxxx.a : ll_slave_end_causes.o (.text)
                  00001840    00000470               : ll_slave_end_causes.o (.text)
                  00001cb0    0000041c     ble5_simple_peripheral_cc2640r2lp_stack_library.lib : gapbondmgr.obj (.text:GAPBondMgr_ProcessGAPMsg)
                  000020cc    000003fc     ll_pxxx.a : ll_ae.o (.text)
                  000024c8    000003ac               : ll.o (.text)
                  00002874    0000035c     simple_peripheral.obj (.text:SimplePeripheral_processCmdCompleteEvt)
                  00002bd0    00000324     ll_pxxx.a : ll_isr.o (.text)
                  00002ef4    00000314     drivers_cc26x0r2.aem3 : PowerCC26XX_calibrateRCOSC.oem3 (.text:PowerCC26XX_auxISR)
                  00003208    00000314     ll_pxxx.a : ll_isr.o (.text)
                  0000351c    000002fc               : ll_ae.o (.text)
                  00003818    000002e0               : ll.o (.text)
                  00003af8    000002c0     rf_singleMode_cc26x0r2.aem3 : RFCC26XX_singleMode.oem3 (.text:RF_fsmActiveState)
                  00003db8    000002a8     ll_pxxx.a : ll_slave_end_causes.o (.text)
                  00004060    00000298               : ll_ae.o (.text)
                  000042f8    00000278     drivers_cc26x0r2.aem3 : CryptoCC26XX.oem3 (.text:cryptoTransactionExecute)
                  00004570    0000024c     ll_pxxx.a : ll_common.o (.text)
                  000047bc    00000244     simple_peripheral.obj (.text:SimplePeripheral_processGapMessage)
                  00004a00    00000244     ll_pxxx.a : ll_common.o (.text)
                  00004c44    00000244               : ll_isr.o (.text)
                  00004e88    00000240               : ll_scheduler.o (.text)
                  000050c8    0000022c     drivers_cc26x0r2.aem3 : PowerCC26XX.oem3 (.text:Power_sleep)
                  000052f4    00000220     driverlib.lib : sys_ctrl.obj (.text:NOROM_SysCtrlSetRechargeBeforePowerDown)
                  00005514    0000021c     ll_pxxx.a : ll_scheduler.o (.text)
                  00005730    00000210               : ll_ae.o (.text)
                  00005940    00000208     ECCROMCC26XX.obj (.text:ECCROMCC26XX_genDHKey)
                  00005b48    00000208     ble5_simple_peripheral_cc2640r2lp_stack_library.lib : gapbondmgr.obj (.text:GAPBondMgr_SetParameter)
                  00005d50    00000208     sm_pxxx.a : sm_pairing.o (.text)
                  00005f58    00000200     ECCROMCC26XX.obj (.text:ECC_VerifyPublicKeyWeierstrass)
                  00006158    00000200     ll_pxxx.a : ll_ae.o (.text)
                  00006358    00000200     profiles_pxxx.a : gattservapp.o (.text)
                  00006558    000001fc     ble5_simple_peripheral_cc2640r2lp_stack_library.lib : gapbondmgr.obj (.text:GAPBondMgr_ProcessEvent)
                  00006754    000001f4     devinfoservice.obj (.text:DevInfo_SetParameter)
                  00006948    000001ec     ll_pxxx.a : ll_isr.o (.text)
                  00006b34    000001dc     sm_pxxx.a : sm_rsppairing.o (.text)
                  00006d10    000001d8     rf_singleMode_cc26x0r2.aem3 : RFCC26XX_singleMode.oem3 (.text:RF_fsmSetupState)
                  00006ee8    000001d8     ble5_simple_peripheral_cc2640r2lp_stack_library.lib : gapbondmgr.obj (.text:gapBondMgrAddBond)
                  000070c0    000001d8     ll_pxxx.a : ll_common.o (.text)
                  00007298    000001c8     ble5_simple_peripheral_cc2640r2lp_stack_library.lib : gap.obj (.text:GAP_DeviceInit)
                  00007460    000001c8                                                         : osal.obj (.text:osal_run_system)
                  00007628    000001b0     drivers_cc26x0r2.aem3 : PINCC26XX.oem3 (.text:PIN_init)
                  000077d8    000001b0     ll_pxxx.a : ll.o (.text)
                  00007988    000001ac               : ll.o (.text)
                  00007b34    000001a8     simple_peripheral.obj (.text:SimplePeripheral_init)
                  00007cdc    000001a0     rf_singleMode_cc26x0r2.aem3 : RFCC26XX_singleMode.oem3 (.text:RF_open)
                  00007e7c    000001a0     devinfoservice.obj (.text:devInfo_ReadAttrCB)
                  0000801c    000001a0     profiles_pxxx.a : gapgattserver.o (.text)
                  000081bc    00000198     gap_pxxx.a : gap_advertiser.o (.text)
                  00008354    00000190     drivers_cc26x0r2.aem3 : PowerCC26XX_calibrateRCOSC.oem3 (.text:PowerCC26XX_doCalibrate)
                  000084e4    0000018c     ECCROMCC26XX.obj (.text:ECCROMCC26XX_genKeys)
                  00008670    0000017c     profiles_pxxx.a : gattservapp.o (.text)
                  000087ec    0000015c     gatt_pxxx.a : gatt_client.o (.text)
                  00008948    00000154     ll_pxxx.a : ll_data.o (.text)
                  00008a9c    00000150               : ll_common.o (.text)
                  00008bec    00000150               : ll_isr.o (.text)
                  00008d3c    0000014c     gap_pxxx.a : gap_advertiser.o (.text)
                  00008e88    0000014c     gatt_pxxx.a : gatt_server.o (.text)
                  00008fd4    00000140     icall.obj (.text:ICall_waitMatch)
                  00009114    00000140     simple_peripheral.obj (.text:SimplePeripheral_addConn)
                  00009254    0000013c     rf_singleMode_cc26x0r2.aem3 : RFCC26XX_singleMode.oem3 (.text:RF_ratSetupChannel)
                  00009390    0000013c     ble5_simple_peripheral_cc2640r2lp_stack_library.lib : gapbondmgr.obj (.text:gapBondMgrAuthenticate)
                  000094cc    00000134     icall.obj (.text:ICall_heapMalloc)
                  00009600    00000130     ll_pxxx.a : ll.o (.text)
                  00009730    0000012c     drivers_cc26x0r2.aem3 : PowerCC26XX.oem3 (.text:Power_init)
                  0000985c    0000012c     simple_peripheral.obj (.text:SimplePeripheral_updatePHYStat)
                  00009988    0000012c     ble5_simple_peripheral_cc2640r2lp_stack_library.lib : osal_snv_wrapper.obj (.text:compactPage)
                  00009ab4    0000012c     sm_pxxx.a : sm_task.o (.text)
                  00009be0    00000128     simple_peripheral.obj (.text:SimplePeripheral_clearConnListEntry)
                  00009d08    00000128     ll_pxxx.a : ll_scheduler.o (.text)
                  00009e30    00000118     profiles_pxxx.a : gattservapp.o (.text)
                  00009f48    0000010e     gatt_pxxx.a : gatt_server.o (.text)
                  0000a056    0000010c                 : gatt_client.o (.text)
                  0000a162    00000002     ble5_simple_peripheral_cc2640r2lp_stack_library.lib : common_rom_init.obj (.text:CommonROM_Init)
                  0000a164    00000108                                                         : osal_snv_wrapper.obj (.text:NVOCOP_writeItem)
                  0000a26c    00000108     gap_pxxx.a : gap_advertiser.o (.text)
                  0000a374    00000108     simple_gatt_profile.obj (.text:simpleProfile_WriteAttrCB)
                  0000a47c    00000104     simple_gatt_profile.obj (.text:SimpleProfile_SetParameter)
                  0000a580    00000104     ll_pxxx.a : ll_common.o (.text)
                  0000a684    00000100               : ll.o (.text)
                  0000a784    000000f8     sm_pxxx.a : sm_rsppairing.o (.text)
                  0000a87c    000000f4     gap_pxxx.a : gap_linkmgr.o (.text)
                  0000a970    000000f0     drivers_cc26x0r2.aem3 : PINCC26XX.oem3 (.text:PINCC26XX_setIoCfg)
                  0000aa60    000000f0     rf_singleMode_cc26x0r2.aem3 : RFCC26XX_singleMode.oem3 (.text:RF_radioOpDoneCb)
                  0000ab50    000000f0     ble5_simple_peripheral_cc2640r2lp_stack_library.lib : osal_timers.obj (.text:osalTimerUpdate)
                  0000ac40    000000f0                                                         : ble_user_config.obj (.text:setBleUserConfig)
                  0000ad30    000000ee                                                         : gapbondmgr.obj (.text:gapBondMgrEraseBonding)
                  0000ae1e    00000002     driverlib.lib : rfc.obj (.text:NOROM_RFCAdi3VcoLdoVoltageMode)
                  0000ae20    000000ec     simple_peripheral.obj (.text:SimplePeripheral_processParamUpdate)
                  0000af0c    000000ec     ll_pxxx.a : ll_common.o (.text)
                  0000aff8    000000ec     profiles_pxxx.a : gattservapp.o (.text)
                  0000b0e4    000000e8     dpl_cc26x0r2.aem3 : PowerCC26XX_tirtos.oem3 (.text:PowerCC26XX_standbyPolicy)
                  0000b1cc    000000e4     gatt_pxxx.a : gatt_client.o (.text)
                  0000b2b0    000000e4     ll_pxxx.a : ll_ae.o (.text)
                  0000b394    000000e4     sm_pxxx.a : sm_pairing.o (.text)
                  0000b478    000000e0     ble5_simple_peripheral_cc2640r2lp_stack_library.lib : gapbondmgr.obj (.text:gapBondMgr_LinkEst)
                  0000b558    000000dc     gattservapp_util.obj (.text:GATTServApp_ProcessCharCfg)
                  0000b634    000000dc     gap_pxxx.a : gap_linkmgr.o (.text)
                  0000b710    000000dc                : gap_task.o (.text)
                  0000b7ec    000000dc     hci_pxxx.a : hci_event.o (.text)
                  0000b8c8    000000dc     ble5_simple_peripheral_cc2640r2lp_stack_library.lib : osal.obj (.text:osal_set_event)
                  0000b9a4    000000d8     icall.obj (.text:ICall_heapInit)
                  0000ba7c    000000d8     ll_pxxx.a : ll.o (.text)
                  0000bb54    000000d8               : ll.o (.text)
                  0000bc2c    000000d8     sm_pxxx.a : sm_pairing.o (.text)
                  0000bd04    000000d4     icall.obj (.text:ICall_enrollService)
                  0000bdd8    000000d4     rf_singleMode_cc26x0r2.aem3 : RFCC26XX_singleMode.oem3 (.text:RF_pendCmd)
                  0000beac    000000d4     smp_pxxx.a : smp.o (.text)
                  0000bf80    000000d0     rf_singleMode_cc26x0r2.aem3 : RFCC26XX_singleMode.oem3 (.text:RF_fsmPowerUpState)
                  0000c050    000000d0                                 : RFCC26XX_singleMode.oem3 (.text:RF_postCmd)
                  0000c120    000000d0     ll_pxxx.a : ll_ae.o (.text)
                  0000c1f0    000000cc     rf_singleMode_cc26x0r2.aem3 : RFCC26XX_singleMode.oem3 (.text:RF_swiHw)
                  0000c2bc    000000cc     gattservapp_util.obj (.text:gattServApp_SendNotiInd)
                  0000c388    000000cc     ll_pxxx.a : ll_ae.o (.text)
                  0000c454    000000c8     rf_singleMode_cc26x0r2.aem3 : RFCC26XX_singleMode.oem3 (.text:RF_control)
                  0000c51c    000000c8     ll_pxxx.a : ll_data.o (.text)
                  0000c5e4    000000c8     sm_pxxx.a : sm_pairing.o (.text)
                  0000c6ac    000000c4     simple_peripheral.obj (.text:SimplePeripheral_processAppMsg)
                  0000c770    000000c4     sm_pxxx.a : sm_pairing.o (.text)
                  0000c834    000000c2     ll_pxxx.a : ll_ae.o (.text)
                  0000c8f6    00000002     ble5_simple_peripheral_cc2640r2lp_stack_library.lib : onboard.obj (.text:Onboard_soft_reset)
                  0000c8f8    000000c0     icall.obj (.text:ICall_setTimer)
                  0000c9b8    000000be     gap_pxxx.a : gap_linkmgr.o (.text)
                  0000ca76    00000002     rf_singleMode_cc26x0r2.aem3 : RFCC26XX_singleMode.oem3 (.text:RF_defaultCallback)
                  0000ca78    000000bc     ble5_simple_peripheral_cc2640r2lp_stack_library.lib : gapbondmgr.obj (.text:GAPBondMgr_FindAddr)
                  0000cb34    000000bc     drivers_cc26x0r2.aem3 : PowerCC26XX.oem3 (.text:Power_releaseDependency)
                  0000cbf0    000000bc     simple_peripheral.obj (.text:SimplePeripheral_taskFxn)
                  0000ccac    000000bc     gap_pxxx.a : gap_advertiser.o (.text)
                  0000cd68    000000bc     hci_pxxx.a : hci_event.o (.text)
                  0000ce24    000000bc                : hci_event.o (.text)
                  0000cee0    000000bc     ll_pxxx.a : ll_common.o (.text)
                  0000cf9c    000000b8               : ll.o (.text)
                  0000d054    000000b4     drivers_cc26x0r2.aem3 : PowerCC26XX.oem3 (.text:Power_setDependency)
                  0000d108    000000b0     icall.obj (.text:ICall_registerApp)
                  0000d1b8    000000b0     gap_pxxx.a : gap_advertiser.o (.text)
                  0000d268    000000b0                : gap_linkmgr.o (.text)
                  0000d318    000000b0     ll_pxxx.a : ble.o (.text)
                  0000d3c8    000000ac     driverlib.lib : setup.obj (.text:NOROM_SetupTrimDevice)
                  0000d474    000000ac     rf_singleMode_cc26x0r2.aem3 : RFCC26XX_singleMode.oem3 (.text:RF_abortCmd)
                  0000d520    000000ac     TRNGCC26XX.obj (.text:TRNGCC26XX_getNumber)
                  0000d5cc    000000ac     att_pxxx.a : att_util.o (.text)
                  0000d678    000000ac     ll_pxxx.a : ll.o (.text)
                  0000d724    000000ac     simple_gatt_profile.obj (.text:simpleProfile_ReadAttrCB)
                  0000d7d0    000000aa     ll_pxxx.a : ll_common.o (.text)
                  0000d87a    000000aa     sm_pxxx.a : sm_mgr.o (.text)
                  0000d924    000000a8     icall.obj (.text:HEAPMGR_GETLARGESTFREEBUF)
                  0000d9cc    000000a8     icall.obj (.text:ICall_send)
                  0000da74    000000a8     icall.obj (.text:ICall_sendServiceComplete)
                  0000db1c    000000a8     rf_singleMode_cc26x0r2.aem3 : RFCC26XX_singleMode.oem3 (.text:RF_dispatchNextCmd)
                  0000dbc4    000000a8     icall.obj (.text:icall_directAPI)
                  0000dc6c    000000a4     icall.obj (.text:ICall_newTask)
                  0000dd10    000000a4     rf_singleMode_cc26x0r2.aem3 : RFCC26XX_singleMode.oem3 (.text:RF_ratRestartChannels)
                  0000ddb4    000000a4     ble5_simple_peripheral_cc2640r2lp_stack_library.lib : osal_cbtimer.obj (.text:cbTimerSetup)
                  0000de58    000000a4     gatt_pxxx.a : gatt_client.o (.text)
                  0000defc    000000a4     ll_pxxx.a : ll_common.o (.text)
                  0000dfa0    000000a4               : ll_common.o (.text)
                  0000e044    000000a4               : ll_enc.o (.text)
                  0000e0e8    000000a4               : ll_scheduler.o (.text)
                  0000e18c    000000a4     drivers_cc26x0r2.aem3 : PowerCC26XX.oem3 (.text:switchXOSCHFclockFunc)
                  0000e230    000000a0     icall.obj (.text:ICall_createRemoteTasksAtRuntime)
                  0000e2d0    000000a0     auto_init.aem3 : auto_init.oem3 (.text)
                  0000e370    000000a0     ble5_simple_peripheral_cc2640r2lp_stack_library.lib : gapbondmgr.obj (.text:gapBondMgrUpdateCharCfg)
                  0000e410    0000009c     rf_singleMode_cc26x0r2.aem3 : RFCC26XX_singleMode.oem3 (.text:RF_calculateDispatchTime)
                  0000e4ac    0000009c     simple_peripheral.obj (.text:SimplePeripheral_processStackMsg)
                  0000e548    0000009c     ll_pxxx.a : ll.o (.text)
                  0000e5e4    0000009c     rtsv7M3_T_le_eabi.lib : memcpy_t2.asm.obj (.text)
                  0000e680    0000009a     ll_pxxx.a : ll_ae.o (.text)
                  0000e71a    00000002     ble5_simple_peripheral_cc2640r2lp_stack_library.lib : sm_ecc.obj (.text:SM_dhKeyCB)
                  0000e71c    00000098     icall_cc2650.obj (.text:ICallPlatform_pwrUpdActivityCounter)
                  0000e7b4    00000098     ll_pxxx.a : ll.o (.text)
                  0000e84c    00000098     ble5_simple_peripheral_cc2640r2lp_stack_library.lib : osal_cbtimer.obj (.text:osal_CbTimerProcessEvent)
                  0000e8e4    00000098     rom_sysbios.aem3 : rom_sysbios.obj (.text:ti_sysbios_knl_Clock_workFuncDynamic__E)
                  0000e97c    00000096     gattservapp_util.obj (.text:GATTServApp_ProcessCCCWriteReq)
                  0000ea12    00000096     rtsv7M3_T_le_eabi.lib : ull_div_t2.asm.obj (.text)
                  0000eaa8    00000094     drivers_cc26x0r2.aem3 : CryptoCC26XX.oem3 (.text:CryptoCC26XX_allocateKey)
                  0000eb3c    00000094     driverlib.lib : crypto.obj (.text:NOROM_CRYPTOAesLoadKey)
                  0000ebd0    00000094     gatt_pxxx.a : gatt_server.o (.text)
                  0000ec64    00000094     ll_pxxx.a : ll.o (.text)
                  0000ecf8    00000092     gap_pxxx.a : linkdb.o (.text)
                  0000ed8a    00000092     ll_pxxx.a : ll_common.o (.text)
                  0000ee1c    00000092               : ll_enc.o (.text)
                  0000eeae    00000090     main.obj (.text:AssertHandler)
                  0000ef3e    00000002     ble5_simple_peripheral_cc2640r2lp_stack_library.lib : sm_ecc.obj (.text:SM_p256KeyCB)
                  0000ef40    00000090     drivers_cc26x0r2.aem3 : CryptoCC26XX.oem3 (.text:CryptoCC26XX_open)
                  0000efd0    00000090     driverlib.lib : setup.obj (.text:TrimAfterColdResetWakeupFromShutDown)
                  0000f060    00000090     ble5_simple_peripheral_cc2640r2lp_stack_library.lib : gapbondmgr.obj (.text:gapBondMgr_syncResolvingList)
                  0000f0f0    00000090     gatt_pxxx.a : gatt_client.o (.text)
                  0000f180    00000090     ll_pxxx.a : ll_scheduler.o (.text)
                  0000f210    00000090               : ll_wl.o (.text)
                  0000f2a0    00000090     sm_pxxx.a : sm_pairing.o (.text)
                  0000f330    00000090     rom_sysbios.aem3 : rom_sysbios.obj (.text:ti_sysbios_family_arm_cc26xx_Timer_start__E)
                  0000f3c0    0000008c     icall.obj (.text:ICall_getEntityId)
                  0000f44c    0000008c     gatt_pxxx.a : gatt_client.o (.text)
                  0000f4d8    0000008c     ll_pxxx.a : ll_common.o (.text)
                  0000f564    00000088     simple_gatt_profile.obj (.text:SimpleProfile_GetParameter)
                  0000f5ec    00000088     gap_pxxx.a : gap_linkmgr.o (.text)
                  0000f674    00000088     hci_pxxx.a : hci_event.o (.text)
                  0000f6fc    00000088     ble5_simple_peripheral_cc2640r2lp_stack_library.lib : osal_snv_wrapper.obj (.text:writeWord)
                  0000f784    00000086     ll_pxxx.a : ll_common.o (.text)
                  0000f80a    00000084     icall.obj (.text:ICall_wait)
                  0000f88e    00000002     rtsv7M3_T_le_eabi.lib : _lock.c.obj (.text:_nop)
                  0000f890    00000084     driverlib.lib : crypto.obj (.text:NOROM_CRYPTOCcmInvAuthDecryptResultGet)
                  0000f914    00000084     ble5_simple_peripheral_cc2640r2lp_stack_library.lib : osal.obj (.text:osal_event_send)
                  0000f998    00000084     profiles_pxxx.a : gattservapp.o (.text)
                  0000fa1c    00000084                     : gattservapp.o (.text)
                  0000faa0    00000082     gatt_pxxx.a : gatt_client.o (.text)
                  0000fb22    00000082     ll_pxxx.a : ll.o (.text)
                  0000fba4    00000082     profiles_pxxx.a : gattservapp.o (.text)
                  0000fc26    00000002     drivers_cc26x0r2.aem3 : PowerCC26XX.oem3 (.text:emptyClockFunc)
                  0000fc28    00000080     rf_singleMode_cc26x0r2.aem3 : RFCC26XX_singleMode.oem3 (.text:RF_hwiCpe0Active)
                  0000fca8    00000080     simple_peripheral.obj (.text:SimplePeripheral_removeConn)
                  0000fd28    00000080     ll_pxxx.a : ll.o (.text)
                  0000fda8    00000080     ble5_simple_peripheral_cc2640r2lp_stack_library.lib : osal_icall_ble.obj (.text:osalInitTasks)
                  0000fe28    00000080     profiles_pxxx.a : gattservapp.o (.text)
                  0000fea8    0000007c     rf_singleMode_cc26x0r2.aem3 : RFCC26XX_singleMode.oem3 (.text:RF_ratFreeChannel)
                  0000ff24    0000007c     gap_pxxx.a : gap_linkmgr.o (.text)
                  0000ffa0    0000007c     gatt_pxxx.a : gatt_client.o (.text)
                  0001001c    0000007c     hci_pxxx.a : hci_event.o (.text)
                  00010098    0000007c     ll_pxxx.a : ll_common.o (.text)
                  00010114    0000007c               : ll_common.o (.text)
                  00010190    0000007a     rtsv7M3_T_le_eabi.lib : memset_t2.asm.obj (.text)
                  0001020a    00000002     drivers_cc26x0r2.aem3 : CryptoResourceCC26XX.oem3 (.text:errorSpin)
                  0001020c    00000078     ECCROMCC26XX.obj (.text:ECCROMCC26XX_Params_init)
                  00010284    00000078     icall.obj (.text:ICall_createRemoteTasks)
                  000102fc    00000078     l2cap_pxxx.a : l2cap_if.o (.text)
                  00010374    00000078     ll_pxxx.a : ll_common.o (.text)
                  000103ec    00000078               : ll_common.o (.text)
                  00010464    00000078               : ll_common.o (.text)
                  000104dc    00000078     profiles_pxxx.a : gattservapp.o (.text)
                  00010554    00000076     gatt_pxxx.a : gatt_client.o (.text)
                  000105ca    00000002     ble5_simple_peripheral_cc2640r2lp_stack_library.lib : hal_assert.obj (.text:halAssertHandler)
                  000105cc    00000074     gattservapp_util.obj (.text:GATTServApp_InitCharCfg)
                  00010640    00000074     ble5_simple_peripheral_cc2640r2lp_stack_library.lib : gapbondmgr.obj (.text:gapBondMgrBondReq)
                  000106b4    00000074     ll_pxxx.a : ll_ae.o (.text)
                  00010728    00000074               : ll_ae.o (.text)
                  0001079c    00000074               : ll_common.o (.text)
                  00010810    00000074               : ll_common.o (.text)
                  00010884    00000074               : ll_enc.o (.text)
                  000108f8    00000074     ble5_simple_peripheral_cc2640r2lp_stack_library.lib : osal.obj (.text:osal_msg_enqueue_push)
                  0001096c    00000074     sm_pxxx.a : sm_pairing.o (.text)
                  000109e0    00000072     gatt_pxxx.a : gatt_client.o (.text)
                  00010a52    00000002     ble5_simple_peripheral_cc2640r2lp_stack_library.lib : hal_assert.obj (.text:halAssertSpinlock)
                  00010a54    00000070     driverlib.lib : sys_ctrl.obj (.text:NOROM_SysCtrlAdjustRechargeAfterPowerDown)
                  00010ac4    00000070     gatt_pxxx.a : gatt_server.o (.text)
                  00010b34    00000070     drivers_cc26x0r2.aem3 : PowerCC26XX.oem3 (.text:lfClockReadyCallback)
                  00010ba4    00000070     ble5_simple_peripheral_cc2640r2lp_stack_library.lib : osal.obj (.text:osal_msg_receive)
                  00010c14    0000006e     gap_pxxx.a : gap_task.o (.text)
                  00010c82    0000006e     gatt_pxxx.a : gatt_server.o (.text)
                  00010cf0    0000006c     icall.obj (.text:ICall_init)
                  00010d5c    0000006c     driverlib.lib : osc.obj (.text:NOROM_OSCHF_AttemptToSwitchToXosc)
                  00010dc8    0000006c     drivers_cc26x0r2.aem3 : PowerCC26XX_calibrateRCOSC.oem3 (.text:PowerCC26XX_initiateCalibration)
                  00010e34    0000006c     rf_singleMode_cc26x0r2.aem3 : RFCC26XX_singleMode.oem3 (.text:RF_ratDisableChannel)
                  00010ea0    0000006c     drivers_cc26x0r2.aem3 : PowerCC26XX.oem3 (.text:configureXOSCHF)
                  00010f0c    0000006c     gap_pxxx.a : gap_configmgr.o (.text)
                  00010f78    0000006c                : gap_perilinkmgr.o (.text)
                  00010fe4    0000006c     gatt_pxxx.a : gatt_client.o (.text)
                  00011050    0000006c     ll_pxxx.a : ble.o (.text)
                  000110bc    0000006c               : ll_common.o (.text)
                  00011128    0000006c               : ll_common.o (.text)
                  00011194    0000006c               : ll_common.o (.text)
                  00011200    0000006c               : ll_common.o (.text)
                  0001126c    0000006c               : ll_scheduler.o (.text)
                  000112d8    0000006c     ble5_simple_peripheral_cc2640r2lp_stack_library.lib : osal_cbtimer.obj (.text:osal_CbTimerUpdate)
[...]
20001af8  clientInfoTbl                                                             
20001afc  linkCmd                                                                   
20001b00  linkParam                                                                 
20001b04  dtmInfo                                                                   
20001b08  pRfPathComp                                                               
20001b0c  rtosApiTblPtr                                                             
20001b10  LSTORecoveryArr                                                           
20001b14  llCombineState                                                            
20001b18  advSetList                                                                
20001b1c  pRpaCfg                                                                   
20001b28  ClockP_tickPeriod                                                         
20001b2c  HEAPMGR_SIZE                                                              
20001b30  tasksEvents                                                               
20001b34  trngCC26XXObjects                                                         
20001b38  connInitialMaxTxTimeCoded                                                 
20001b3d  hciTaskID                                                                 
20001b3e  hciL2capTaskID                                                            
20001b3f  hciGapTaskID                                                              
20001b40  hciSmpTaskID                                                              
20001b41  hciTestTaskID                                                             
20001b42  l2cap_gattServAppTaskID                                                   
20001b43  defaultPhy                                                                
20001b44  scanReqRpt                                                                
20001b45  aeCurHandle                                                               
20001b46  aeCurAdvEnableHandle                                                      
20001b47  aeCurConnHandle                                                           
20001b49  driverlib_release_0_56883                                                 
20001b4a  icall_liteTaskId                                                          
20001b4b  osal_entity                                                               
20001b4c  heapStart                                                                 
20004000  __stack                                                                   
20004000  heapEnd                                                                   
20004400  __STACK_END                                                               
20004400  __STACK_TOP                                                               
200044f8  RAM_BASE_ADDR                                                             
20004504  ROM_FlashJT                                                               
20004558  gapPeripheralCBs                                                          
20004564  gapPeripheralConnCBs                                                      
2000459c  slaveConnHandle                                                           
2000459e  nextHandle                                                                
200045a0  l2capMtuSize                                                              
200045a2  gapAppTaskID                                                              
200045a3  gapAdvAppTaskID                                                           
200045a4  gapUnwantedTaskID                                                         
200045a5  reqTaskId                                                                 
200045a6  gattAppTaskID                                                             
200045a7  appTaskID                                                                 
200045a8  flowCtrlTaskId                                                            
200045a9  SM_appTaskID                                                              
200046ec  scanDataEntry                                                             
200047cc  wlTable                                                                   
200048a8  wlTableScan                                                               
20004988  rfObject                                                                  
20004a20  advCmd                                                                    
20004a68  localEccKeys                                                              
20004aac  initDataEntry                                                             
20004b1c  l2capFixedChannels                                                        
20004b4c  linkCBs                                                                   
20004b7c  eccParams                                                                 
20004bac  initParam                                                                 
20004bd0  scanParam                                                                 
20004bf4  advParam                                                                  
20004c14  cryptoPRAND                                                               
20004c34  txModemTestCmd                                                            
20004c50  gapParams                                                                 
20004c6c  initCmd                                                                   
20004c84  connReqData                                                               
20004c9c  scanCmd                                                                   
20004cb4  scanOutput                                                                
20004ce4  rxModemTestCmd                                                            
20004cfc  rsp                                                                       
20004d14  fwParDtmCmd                                                               
20004d44  fwParRfCmd                                                                
20004d5c  connOutput                                                                
20004d70  rxTestParam                                                               
20004d84  initDataQueue                                                             
20004d94  scanDataQueue                                                             
20004da4  advDataQueue                                                              
20004db4  advOutput                                                                 
20004dc4  txTestParam                                                               
20004dd4  initOutput                                                                
20004de0  rxTestOut                                                                 
20004df8  cachedTRNGdata                                                            
20004e04  gapCurrentRandomAddr                                                      
20004e0c  slaveUpdateReq                                                            
20004e14  pBleEvtMask                                                               
20004e1c  pHciEvtMask                                                               
20004e24  pHciEvtMask2                                                              
20004e2c  ownPublicAddr                                                             
20004e34  ownRandomAddr                                                             
20004e3c  ownSavedPublicAddr                                                        
20004e44  fwImmedCmd                                                                
20004e4c  attServerNotifyTxCB                                                       
20004e50  rfEvent                                                                   
20004e58  fwParCmd                                                                  
20004e60  verInfo                                                                   
20004e68  llConns                                                                   
20004e70  fwParamImmedCmd                                                           
20004e78  privInfo                                                                  
20004e88  rxDataQ                                                                   
20004e8c  txDataQ                                                                   
20004e90  rxRingBuf                                                                 
20004e94  txTestOut                                                                 
20004e98  pGapDiscReq                                                               
20004e9c  pGapAdvertState                                                           
20004ea0  pEstLink                                                                  
20004ea4  pAuthLink                                                                 
20004ea8  pfnCentralConnCBs                                                         
20004eac  pfnPeripheralConnCBs                                                      
20004eb0  pGapAdvTokens                                                             
20004eb4  pGapAdData                                                                
20004eb8  pGapScanRspData                                                           
20004ebc  pfnPeripheralCBs                                                          
20004ec0  pfnCentralCBs                                                             
20004ec8  serverInfoTbl                                                             
20004ecc  pServiceList                                                              
20004ed0  pfnServerProcessMsgCB                                                     
20004ed4  pfnClientProcessMsgCB                                                     
20004ed8  prepareWritesTbl                                                          
20004edc  serviceCBsList                                                            
20004ee0  pAttrValue                                                                
20004ee4  l2capChannels                                                             
20004ee8  linkDB                                                                    
20004eec  rfHandle                                                                  
20004ef0  rfDrvTblPtr                                                               
20004ef4  eccDrvTblPtr                                                              
20004ef8  cryptoDrvTblPtr                                                           
20004efc  trngDrvTblPtr                                                             
20004f00  activeConns                                                               
20004f04  SysBootMsg                                                                
20004f08  sclkSrc                                                                   
20004f0c  buildInfo                                                                 
20004f10  advInfo                                                                   
20004f18  initInfo                                                                  
20004f20  taskEndAction                                                             
20004f24  encParams                                                                 
20004f28  encHandle                                                                 
20004f2c  encKey                                                                    
20004f30  pPairingParams                                                            
20004f34  pfnResponderCBs                                                           
20004f38  pfnInitiatorCBs                                                           
20004f3c  gapLimitedAdvertisingTimeout                                              
20004f3e  attrLen                                                                   
20004f40  numHostBufs                                                               
20004f42  rfCmdHandle                                                               
20004f44  connInitialMaxTxOctets                                                    
20004f46  connInitialMaxTxTime                                                      
20004f48  supportedMaxTxOctets                                                      
20004f4a  supportedMaxTxTime                                                        
20004f4c  supportedMaxRxOctets                                                      
20004f4e  supportedMaxRxTime                                                        
20004f50  taskEndStatus                                                             
20004f52  postRfOperations                                                          
20004f54  rfCfgAdiVal                                                               
20004f58  gapProfileRole                                                            
20004f59  gapDeviceAddrMode                                                         
20004f5a  gapState                                                                  
20004f5b  terminateAllTaskID                                                        
20004f5c  terminateReason                                                           
20004f5d  gapTaskID                                                                 
20004f5e  gattNumConns                                                              
20004f5f  gattTaskID                                                                
20004f60  GATTServApp_TaskID                                                        
20004f61  maxNumPrepareWrites                                                       
20004f62  hciPTMenabled                                                             
20004f63  ctrlToHostEnable                                                          
20004f64  l2capFlowCtrlMode                                                         
20004f65  l2capTaskID                                                               
20004f66  l2capNumChannels                                                          
20004f67  l2capNumDataPkts                                                          
20004f68  l2capId                                                                   
20004f69  linkDBNumConns                                                            
20004f6a  linkDB_secureConnectionOnlyMode                                           
20004f6b  maxPduSize                                                                
20004f6c  rfFeModeBias                                                              
20004f6d  maxNumTxDataBufs                                                          
20004f6e  LL_TaskID                                                                 
20004f6f  llState                                                                   
20004f70  rssiCorrection                                                            
20004f71  curTxPowerVal                                                             
20004f72  maxTxPwrForDTM                                                            
20004f73  onePktPerEvt                                                              
20004f74  numComplPkts                                                              
20004f75  numComplPktsLimit                                                         
20004f76  numComplPktsFlush                                                         
20004f77  fastTxRespTime                                                            
20004f78  slOverride                                                                
20004f79  rxFifoFlowCtrl                                                            
20004f7a  numTxDataBufs                                                             
20004f7b  maxNumConns                                                               
20004f7c  smTaskID                                                                  
20004f7d  SM_appExpectingKey                                                        
20004f80  ECC_DATA$$Base                                                            
20004f80  eccRom_param_Gx                                                           
20004f84  eccRom_param_Gy                                                           
20004f88  eccRom_workzone                                                           
20004f8c  eccRom_param_p                                                            
20004f90  eccRom_param_r                                                            
20004f94  eccRom_param_a                                                            
20004f98  eccRom_param_b                                                            
20004f9c  eccRom_windowSize                                                         
20004fa0  aux64                                                                     
20004fa8  MOD                                                                       
20004fac  LEN                                                                       
20004fb0  inScalar                                                                  
20004fb4  inPointX                                                                  
20004fb8  inPointY                                                                  
20004fbc  outPointX                                                                 
20004fc0  outPointY                                                                 
20004fc4  SCAL                                                                      
20004fc8  EXPX                                                                      
20004fcc  EXPY                                                                      
20004fd0  EXPZ                                                                      
20004fd4  EXPW                                                                      
20004fd8  ACCX                                                                      
20004fdc  ACCY                                                                      
20004fe0  ACCZ                                                                      
20004fe4  TMP1                                                                      
20004fe8  TMP2                                                                      
20004fec  TMP3                                                                      
20004ff0  TMP4                                                                      
20004ff4  TMP5                                                                      
20004ff8  TMP6                                                                      
20004ffc  MSBMOD                                                                    
20005000  ECC_DATA$$Limit                                                           
20005000  __UNUSED_SRAM_end__                                                       
e000e000  ti_sysbios_family_arm_m3_Hwi_nvic                                         
ffffffff  __TI_pprof_out_hndl                                                       
ffffffff  __TI_prof_data_size                                                       
ffffffff  __TI_prof_data_start                                                      
ffffffff  __binit__                                                                 
ffffffff  __c_args__                                                                
ffffffff  binit                                                                     
UNDEFED   SHT$$INIT_ARRAY$$Base                                                     
UNDEFED   SHT$$INIT_ARRAY$$Limit                                                    

[2361 symbols]
